(agda2-status-action "")
(agda2-info-action "*Type-checking*" "" nil)
(agda2-highlight-clear)
(agda2-status-action "")
(agda2-info-action "*All Goals, Errors*" "?0 : Interval ———— Errors ———————————————————————————————————————————————— Failed to solve the following constraints: ?0 (i = i0) = right : Interval (blocked on _8) ?0 (i = i1) = left : Interval (blocked on _8) " nil)
((last . 1) . (agda2-goals-action '(0)))
(agda2-status-action "")
(agda2-info-action "*Goal type etc.*" "Goal: Interval ———— Boundary —————————————————————————————————————————————— (i = i1) ⊢ left (i = i0) ⊢ right ———————————————————————————————————————————————————————————— i : I ———— Constraints ——————————————————————————————————————————— ?0 (i = i0) = right : Interval (blocked on _8) ?0 (i = i1) = left : Interval (blocked on _8)" nil)
