(agda2-status-action "")
(agda2-info-action "*Type-checking*" "" nil)
(agda2-highlight-clear)
(agda2-status-action "")
(agda2-info-action "*All Goals, Errors*" "?0 : Foo → Set ———— Errors ———————————————————————————————————————————————— Failed to solve the following constraints: ?0 (baz tt) =< ⊥ (blocked on _B_35) Unit =< ?0 (bar tt) (blocked on _B_35) " nil)
((last . 1) . (agda2-goals-action '(0)))
(agda2-info-action "*Error*" "1,36-41 ⊥ != ((λ { (bar _) → Unit ; (baz _) → ⊥ ; _ → ⊥ ; (primHComp {.Agda.Primitive.lzero} {.Foo} {φ = φ} u a) → primHComp (λ i .o → transp (λ i₁ → Set) i (.extendedlambda0 p₁ (u i _))) (transp (λ i → Set) i0 (.extendedlambda0 p₁ a)) }) x) of type Set when checking the boundary condition (i = i1) ⊢ (λ { (bar _) → Unit ; (baz _) → ⊥ ; _ → ⊥ ; (primHComp {.Agda.Primitive.lzero} {.Foo} {φ = φ} u a) → primHComp (λ i₁ .o → transp (λ i₂ → Set) i₁ (.extendedlambda0 p₁ (u i₁ _))) (transp (λ i₁ → Set) i0 (.extendedlambda0 p₁ a)) }) (squash x₁ x i) = ⊥" nil)
(agda2-highlight-load-and-delete-action)
(agda2-status-action "")
